// Jest Snapshot v1, https://goo.gl/fbAQLP

exports[`renders without crashing 1`] = `
Array [
  <BrowserRouter>
    <div>
      <ul>
        <li>
          <Link
            to="/"
          >
            Home
          </Link>
        </li>
        <li>
          <Link
            to="/about"
          >
            About
          </Link>
        </li>
        <li>
          <Link
            to="/dashboard"
          >
            Dashboard
          </Link>
        </li>
      </ul>
      <hr />
      <Switch>
        <Route
          exact={true}
          path="/"
        >
          <h1>
            Hola soy el home
          </h1>
        </Route>
        <Route
          path="/about"
        >
          <h2>
            Hola soy el about
          </h2>
        </Route>
        <Route
          path="/dashboard"
        >
          <h2>
            Hola soy el dashboard
          </h2>
        </Route>
      </Switch>
    </div>
  </BrowserRouter>,
]
`;
